// Jest Snapshot v1, https://goo.gl/fbAQLP

exports[`components/Button should match snapshot 1`] = `
<div>
  <button
    class="default"
  >
    Test text
  </button>
</div>
`;
